
> ffn-dii@0.1.0 build
> next build

Γû▓ Next.js 16.2.6 (Turbopack)
- Environments: .env.local

  Creating an optimized production build ...
Γ£ô Compiled successfully in 6.4s
  Running TypeScript ...
  Finished TypeScript in 6.6s ...
  Collecting page data using 11 workers ...
  Generating static pages using 11 workers (0/23) ...
  Generating static pages using 11 workers (5/23) 
  Generating static pages using 11 workers (11/23) 
  Generating static pages using 11 workers (17/23) 
Γ£ô Generating static pages using 11 workers (23/23) in 1749ms
  Finalizing page optimization ...

Route (app)
Γöî Γùï /
Γö£ Γùï /_not-found
Γö£ ╞Æ /agency/dashboard
Γö£ ╞Æ /agency/jd-inbox
Γö£ ╞Æ /agency/jd/[id]/assign
Γö£ ╞Æ /agency/jd/[id]/submit
Γö£ ╞Æ /agency/onboarding
Γö£ ╞Æ /agency/requirements
Γö£ ╞Æ /api/auth/sign-in
Γö£ ╞Æ /api/jd/smart-write
Γö£ ╞Æ /api/vms/inbound
Γö£ Γùï /auth/accept-invite
Γö£ Γùï /auth/forgot-password
Γö£ Γùï /auth/login
Γö£ Γùï /auth/setup-password
Γö£ ╞Æ /flexadmin/dashboard
Γö£ ╞Æ /flexadmin/tenants
Γö£ ╞Æ /flexadmin/tenants/[tenantId]
Γö£ ╞Æ /flexadmin/tenants/create
Γö£ ╞Æ /partner/dashboard
Γö£ ╞Æ /partner/jd/[id]/edit
Γö£ ╞Æ /partner/jd/new
Γö£ ╞Æ /partner/onboarding
Γö£ ╞Æ /partner/settings/tier-config
Γöö ╞Æ /partner/vms-inbox


╞Æ Proxy (Middleware)

Γùï  (Static)   prerendered as static content
╞Æ  (Dynamic)  server-rendered on demand

